// Jest Snapshot v1, https://goo.gl/fbAQLP

exports[`<About /> should render correctly 1`] = `
<div>
  <h1>
    About
  </h1>
  <p>
    Here is an about page.
  </p>
  <GatsbyLink
    to="/"
  >
    Home
  </GatsbyLink>
</div>
`;
